
Merging program properties

Removed property 0xc0000002 to merge ./build/main.o (0x3) and ./build/kernel.o (not found)
Removed property 0xc0000002 to merge ./build/main.o (not found) and ./build/timer.o (0x3)
Removed property 0xc0000002 to merge ./build/main.o (not found) and ./build/string.o (0x3)
Removed property 0xc0000002 to merge ./build/main.o (not found) and ./build/bitmap.o (0x3)

Allocating common symbols
Common symbol       size              file

kernel_phy_pool     0x10              ./build/memory.o
intr_name           0x84              ./build/interrupt.o
idt_table           0x84              ./build/interrupt.o
user_phy_pool       0x10              ./build/memory.o
kernel_vir_pool     0xc               ./build/memory.o

Discarded input sections

 .group         0x0000000000000000        0x8 ./build/main.o
 .note.GNU-stack
                0x0000000000000000        0x0 ./build/main.o
 .note.gnu.property
                0x0000000000000000       0x1c ./build/main.o
 .group         0x0000000000000000        0x8 ./build/init.o
 .text.__x86.get_pc_thunk.bx
                0x0000000000000000        0x4 ./build/init.o
 .note.GNU-stack
                0x0000000000000000        0x0 ./build/init.o
 .note.gnu.property
                0x0000000000000000       0x1c ./build/init.o
 .group         0x0000000000000000        0x8 ./build/interrupt.o
 .group         0x0000000000000000        0x8 ./build/interrupt.o
 .text.__x86.get_pc_thunk.bx
                0x0000000000000000        0x4 ./build/interrupt.o
 .note.GNU-stack
                0x0000000000000000        0x0 ./build/interrupt.o
 .note.gnu.property
                0x0000000000000000       0x1c ./build/interrupt.o
 .group         0x0000000000000000        0x8 ./build/memory.o
 .group         0x0000000000000000        0x8 ./build/memory.o
 .text.__x86.get_pc_thunk.ax
                0x0000000000000000        0x4 ./build/memory.o
 .text.__x86.get_pc_thunk.bx
                0x0000000000000000        0x4 ./build/memory.o
 .note.GNU-stack
                0x0000000000000000        0x0 ./build/memory.o
 .note.gnu.property
                0x0000000000000000       0x1c ./build/memory.o
 .group         0x0000000000000000        0x8 ./build/debug.o
 .text.__x86.get_pc_thunk.bx
                0x0000000000000000        0x4 ./build/debug.o
 .note.GNU-stack
                0x0000000000000000        0x0 ./build/debug.o
 .note.gnu.property
                0x0000000000000000       0x1c ./build/debug.o
 .group         0x0000000000000000        0x8 ./build/timer.o
 .group         0x0000000000000000        0x8 ./build/timer.o
 .text.__x86.get_pc_thunk.ax
                0x0000000000000000        0x4 ./build/timer.o
 .text.__x86.get_pc_thunk.bx
                0x0000000000000000        0x4 ./build/timer.o
 .note.GNU-stack
                0x0000000000000000        0x0 ./build/timer.o
 .note.gnu.property
                0x0000000000000000       0x1c ./build/timer.o
 .group         0x0000000000000000        0x8 ./build/string.o
 .text.__x86.get_pc_thunk.ax
                0x0000000000000000        0x4 ./build/string.o
 .note.GNU-stack
                0x0000000000000000        0x0 ./build/string.o
 .note.gnu.property
                0x0000000000000000       0x1c ./build/string.o
 .group         0x0000000000000000        0x8 ./build/bitmap.o
 .group         0x0000000000000000        0x8 ./build/bitmap.o
 .text.__x86.get_pc_thunk.ax
                0x0000000000000000        0x4 ./build/bitmap.o
 .text.__x86.get_pc_thunk.bx
                0x0000000000000000        0x4 ./build/bitmap.o
 .note.GNU-stack
                0x0000000000000000        0x0 ./build/bitmap.o
 .note.gnu.property
                0x0000000000000000       0x1c ./build/bitmap.o

Memory Configuration

Name             Origin             Length             Attributes
*default*        0x0000000000000000 0xffffffffffffffff

Linker script and memory map

Address of section .text set to 0xc0001500
LOAD ./build/main.o
LOAD ./build/init.o
LOAD ./build/interrupt.o
LOAD ./build/memory.o
LOAD ./build/debug.o
LOAD ./build/kernel.o
LOAD ./build/timer.o
LOAD ./build/string.o
LOAD ./build/bitmap.o
LOAD ./build/print.o
                [!provide]                        PROVIDE (__executable_start = SEGMENT_START ("text-segment", 0x8048000))
                0x00000000080480d4                . = (SEGMENT_START ("text-segment", 0x8048000) + SIZEOF_HEADERS)

.interp
 *(.interp)

.note.gnu.build-id
 *(.note.gnu.build-id)

.hash
 *(.hash)

.gnu.hash
 *(.gnu.hash)

.dynsym
 *(.dynsym)

.dynstr
 *(.dynstr)

.gnu.version
 *(.gnu.version)

.gnu.version_d
 *(.gnu.version_d)

.gnu.version_r
 *(.gnu.version_r)

.rel.dyn        0x00000000080480d4        0x0
 *(.rel.init)
 *(.rel.text .rel.text.* .rel.gnu.linkonce.t.*)
 .rel.text      0x00000000080480d4        0x0 ./build/main.o
 *(.rel.fini)
 *(.rel.rodata .rel.rodata.* .rel.gnu.linkonce.r.*)
 *(.rel.data.rel.ro .rel.data.rel.ro.* .rel.gnu.linkonce.d.rel.ro.*)
 *(.rel.data .rel.data.* .rel.gnu.linkonce.d.*)
 *(.rel.tdata .rel.tdata.* .rel.gnu.linkonce.td.*)
 *(.rel.tbss .rel.tbss.* .rel.gnu.linkonce.tb.*)
 *(.rel.ctors)
 *(.rel.dtors)
 *(.rel.got)
 .rel.got       0x00000000080480d4        0x0 ./build/main.o
 *(.rel.bss .rel.bss.* .rel.gnu.linkonce.b.*)
 *(.rel.ifunc)

.rel.plt        0x00000000080480d4        0x0
 *(.rel.plt)
                [!provide]                        PROVIDE (__rel_iplt_start = .)
 *(.rel.iplt)
 .rel.iplt      0x00000000080480d4        0x0 ./build/main.o
                [!provide]                        PROVIDE (__rel_iplt_end = .)
                0x0000000008049000                . = ALIGN (CONSTANT (MAXPAGESIZE))

.init
 *(SORT_NONE(.init))

.plt            0x0000000008049000        0x0
 *(.plt)
 *(.iplt)
 .iplt          0x0000000008049000        0x0 ./build/main.o

.plt.got
 *(.plt.got)

.plt.sec
 *(.plt.sec)

.text           0x00000000c0001500     0x18e5
 *(.text.unlikely .text.*_unlikely .text.unlikely.*)
 *(.text.exit .text.exit.*)
 *(.text.startup .text.startup.*)
 *(.text.hot .text.hot.*)
 *(SORT_BY_NAME(.text.sorted.*))
 *(.text .stub .text.* .gnu.linkonce.t.*)
 .text          0x00000000c0001500       0xc0 ./build/main.o
                0x00000000c0001500                main
 .text.__x86.get_pc_thunk.bx
                0x00000000c00015c0        0x4 ./build/main.o
                0x00000000c00015c0                __x86.get_pc_thunk.bx
 .text          0x00000000c00015c4       0x3d ./build/init.o
                0x00000000c00015c4                init_all
 .text          0x00000000c0001601      0x4a0 ./build/interrupt.o
                0x00000000c000162c                get_intr_status
                0x00000000c000165e                intr_disable
                0x00000000c0001691                intr_enable
                0x00000000c00016c5                set_intr_status
                0x00000000c0001a32                idt_init
 .text.__x86.get_pc_thunk.ax
                0x00000000c0001aa1        0x4 ./build/interrupt.o
                0x00000000c0001aa1                __x86.get_pc_thunk.ax
 .text          0x00000000c0001aa5      0x5b0 ./build/memory.o
                0x00000000c0001b21                pte_ptr
                0x00000000c0001b54                pde_ptr
                0x00000000c0001ca9                malloc_page
                0x00000000c0001d7c                get_kernel_pages
                0x00000000c0001ffd                mem_init
 .text          0x00000000c0002055       0xf8 ./build/debug.o
                0x00000000c0002055                panic_spin
 *fill*         0x00000000c000214d        0x3 
 .text          0x00000000c0002150      0x391 ./build/kernel.o
 .text          0x00000000c00024e1      0x108 ./build/timer.o
                0x00000000c00025a6                timer_init
 .text          0x00000000c00025e9      0x555 ./build/string.o
                0x00000000c00025e9                memset
                0x00000000c0002654                memcpy
                0x00000000c00026cb                memcmp
                0x00000000c000277a                strcpy
                0x00000000c0002800                strlen
                0x00000000c0002860                strcmp
                0x00000000c0002926                strrchr
                0x00000000c00029b4                strchr
                0x00000000c0002a44                strcat
                0x00000000c0002ae2                strchrs
 .text          0x00000000c0002b3e      0x2a7 ./build/bitmap.o
                0x00000000c0002b3e                bitmap_init
                0x00000000c0002b99                bitmap_scan_test
                0x00000000c0002c1a                bitmap_scan
                0x00000000c0002cf4                bitmap_set
 *(.gnu.warning)

.fini
 *(SORT_NONE(.fini))
                [!provide]                        PROVIDE (__etext = .)
                [!provide]                        PROVIDE (_etext = .)
                [!provide]                        PROVIDE (etext = .)
                0x00000000c0003000                . = ALIGN (CONSTANT (MAXPAGESIZE))
                0x00000000c0003000                . = SEGMENT_START ("rodata-segment", (ALIGN (CONSTANT (MAXPAGESIZE)) + (. & (CONSTANT (MAXPAGESIZE) - 0x1))))

.rodata         0x00000000c0003000      0x58b
 *(.rodata .rodata.* .gnu.linkonce.r.*)
 .rodata        0x00000000c0003000       0x57 ./build/main.o
 .rodata        0x00000000c0003057       0x10 ./build/init.o
 *fill*         0x00000000c0003067        0x1 
 .rodata        0x00000000c0003068      0x251 ./build/interrupt.o
 *fill*         0x00000000c00032b9        0x3 
 .rodata        0x00000000c00032bc      0x138 ./build/memory.o
 .rodata        0x00000000c00033f4       0x3c ./build/debug.o
 .rodata        0x00000000c0003430       0x11 ./build/timer.o
 *fill*         0x00000000c0003441        0x3 
 .rodata        0x00000000c0003444       0xb7 ./build/string.o
 *fill*         0x00000000c00034fb        0x1 
 .rodata        0x00000000c00034fc       0x8f ./build/bitmap.o

.text:          0x00000000c000358b      0x13c
 .text:         0x00000000c000358b        0xe ./build/kernel.o
 .text:         0x00000000c0003599      0x12e ./build/print.o
                0x00000000c0003599                put_char
                0x00000000c000366d                put_str
                0x00000000c000368b                put_int

.rodata1
 *(.rodata1)

.eh_frame_hdr
 *(.eh_frame_hdr)
 *(.eh_frame_entry .eh_frame_entry.*)

.eh_frame       0x00000000c00036c8      0x5c4
 *(.eh_frame)
 .eh_frame      0x00000000c00036c8       0x54 ./build/main.o
 .eh_frame      0x00000000c000371c       0x24 ./build/init.o
                                         0x50 (size before relaxing)
 .eh_frame      0x00000000c0003740      0x194 ./build/interrupt.o
                                        0x1c0 (size before relaxing)
 .eh_frame      0x00000000c00038d4      0x13c ./build/memory.o
                                        0x17c (size before relaxing)
 .eh_frame      0x00000000c0003a10       0x1c ./build/debug.o
                                         0x48 (size before relaxing)
 .eh_frame      0x00000000c0003a2c       0x6c ./build/timer.o
                                         0xac (size before relaxing)
 .eh_frame      0x00000000c0003a98      0x164 ./build/string.o
                                        0x190 (size before relaxing)
 .eh_frame      0x00000000c0003bfc       0x90 ./build/bitmap.o
                                         0xd0 (size before relaxing)
 *(.eh_frame.*)

.gcc_except_table
 *(.gcc_except_table .gcc_except_table.*)

.gnu_extab
 *(.gnu_extab*)

.exception_ranges
 *(.exception_ranges*)
                0x00000000c0005000                . = DATA_SEGMENT_ALIGN (CONSTANT (MAXPAGESIZE), CONSTANT (COMMONPAGESIZE))

.eh_frame
 *(.eh_frame)
 *(.eh_frame.*)

.gnu_extab
 *(.gnu_extab)

.gcc_except_table
 *(.gcc_except_table .gcc_except_table.*)

.exception_ranges
 *(.exception_ranges*)

.tdata          0x00000000c0005000        0x0
                [!provide]                        PROVIDE (__tdata_start = .)
 *(.tdata .tdata.* .gnu.linkonce.td.*)

.tbss
 *(.tbss .tbss.* .gnu.linkonce.tb.*)
 *(.tcommon)

.preinit_array  0x00000000c0005000        0x0
                [!provide]                        PROVIDE (__preinit_array_start = .)
 *(.preinit_array)
                [!provide]                        PROVIDE (__preinit_array_end = .)

.init_array     0x00000000c0005000        0x0
                [!provide]                        PROVIDE (__init_array_start = .)
 *(SORT_BY_INIT_PRIORITY(.init_array.*) SORT_BY_INIT_PRIORITY(.ctors.*))
 *(.init_array EXCLUDE_FILE(*crtend?.o *crtend.o *crtbegin?.o *crtbegin.o) .ctors)
                [!provide]                        PROVIDE (__init_array_end = .)

.fini_array     0x00000000c0005000        0x0
                [!provide]                        PROVIDE (__fini_array_start = .)
 *(SORT_BY_INIT_PRIORITY(.fini_array.*) SORT_BY_INIT_PRIORITY(.dtors.*))
 *(.fini_array EXCLUDE_FILE(*crtend?.o *crtend.o *crtbegin?.o *crtbegin.o) .dtors)
                [!provide]                        PROVIDE (__fini_array_end = .)

.ctors
 *crtbegin.o(.ctors)
 *crtbegin?.o(.ctors)
 *(EXCLUDE_FILE(*crtend?.o *crtend.o) .ctors)
 *(SORT_BY_NAME(.ctors.*))
 *(.ctors)

.dtors
 *crtbegin.o(.dtors)
 *crtbegin?.o(.dtors)
 *(EXCLUDE_FILE(*crtend?.o *crtend.o) .dtors)
 *(SORT_BY_NAME(.dtors.*))
 *(.dtors)

.jcr
 *(.jcr)

.data.rel.ro
 *(.data.rel.ro.local* .gnu.linkonce.d.rel.ro.local.*)
 *(.data.rel.ro .data.rel.ro.* .gnu.linkonce.d.rel.ro.*)

.dynamic
 *(.dynamic)

.got            0x00000000c0005000        0x0
 *(.got)
 .got           0x00000000c0005000        0x0 ./build/main.o
 *(.igot)
                0x00000000c0005ff4                . = DATA_SEGMENT_RELRO_END (., (SIZEOF (.got.plt) >= 0xc)?0xc:0x0)

.got.plt        0x00000000c0005000        0xc
 *(.got.plt)
 .got.plt       0x00000000c0005000        0xc ./build/main.o
                0x00000000c0005000                _GLOBAL_OFFSET_TABLE_
 *(.igot.plt)
 .igot.plt      0x00000000c000500c        0x0 ./build/main.o

.data           0x00000000c000500c       0x84
 *(.data .data.* .gnu.linkonce.d.*)
 .data          0x00000000c000500c        0x0 ./build/main.o
 .data          0x00000000c000500c        0x0 ./build/init.o
 .data          0x00000000c000500c        0x0 ./build/interrupt.o
 .data          0x00000000c000500c        0x0 ./build/memory.o
 .data          0x00000000c000500c        0x0 ./build/debug.o
 .data          0x00000000c000500c       0x84 ./build/kernel.o
                0x00000000c000500c                intr_entry_table
 .data          0x00000000c0005090        0x0 ./build/timer.o
 .data          0x00000000c0005090        0x0 ./build/string.o
 .data          0x00000000c0005090        0x0 ./build/bitmap.o

.data1
 *(.data1)
                0x00000000c0005090                _edata = .
                [!provide]                        PROVIDE (edata = .)
                0x00000000c0005090                . = .
                0x00000000c0005090                __bss_start = .

.bss            0x00000000c00050a0      0x270
 *(.dynbss)
 *(.bss .bss.* .gnu.linkonce.b.*)
 .bss           0x00000000c00050a0        0x0 ./build/main.o
 .bss           0x00000000c00050a0        0x0 ./build/init.o
 .bss           0x00000000c00050a0      0x108 ./build/interrupt.o
 .bss           0x00000000c00051a8        0x0 ./build/memory.o
 .bss           0x00000000c00051a8        0x0 ./build/debug.o
 .bss           0x00000000c00051a8        0x0 ./build/timer.o
 .bss           0x00000000c00051a8        0x0 ./build/string.o
 .bss           0x00000000c00051a8        0x0 ./build/bitmap.o
 *(COMMON)
 *fill*         0x00000000c00051a8       0x18 
 COMMON         0x00000000c00051c0      0x124 ./build/interrupt.o
                0x00000000c00051c0                intr_name
                0x00000000c0005260                idt_table
 COMMON         0x00000000c00052e4       0x2c ./build/memory.o
                0x00000000c00052e4                kernel_phy_pool
                0x00000000c00052f4                user_phy_pool
                0x00000000c0005304                kernel_vir_pool
                0x00000000c0005310                . = ALIGN ((. != 0x0)?0x4:0x1)
                0x00000000c0005310                . = ALIGN (0x4)
                0x00000000c0005310                . = SEGMENT_START ("ldata-segment", .)
                0x00000000c0005310                . = ALIGN (0x4)
                0x00000000c0005310                _end = .
                [!provide]                        PROVIDE (end = .)
                0x00000000c0005310                . = DATA_SEGMENT_END (.)

.stab
 *(.stab)

.stabstr
 *(.stabstr)

.stab.excl
 *(.stab.excl)

.stab.exclstr
 *(.stab.exclstr)

.stab.index
 *(.stab.index)

.stab.indexstr
 *(.stab.indexstr)

.comment        0x0000000000000000       0x2b
 *(.comment)
 .comment       0x0000000000000000       0x2b ./build/main.o
                                         0x2c (size before relaxing)
 .comment       0x000000000000002b       0x2c ./build/init.o
 .comment       0x000000000000002b       0x2c ./build/interrupt.o
 .comment       0x000000000000002b       0x2c ./build/memory.o
 .comment       0x000000000000002b       0x2c ./build/debug.o
 .comment       0x000000000000002b       0x2c ./build/timer.o
 .comment       0x000000000000002b       0x2c ./build/string.o
 .comment       0x000000000000002b       0x2c ./build/bitmap.o

.gnu.build.attributes
 *(.gnu.build.attributes .gnu.build.attributes.*)

.debug
 *(.debug)

.line
 *(.line)

.debug_srcinfo
 *(.debug_srcinfo)

.debug_sfnames
 *(.debug_sfnames)

.debug_aranges
 *(.debug_aranges)

.debug_pubnames
 *(.debug_pubnames)

.debug_info
 *(.debug_info .gnu.linkonce.wi.*)

.debug_abbrev
 *(.debug_abbrev)

.debug_line
 *(.debug_line .debug_line.* .debug_line_end)

.debug_frame
 *(.debug_frame)

.debug_str
 *(.debug_str)

.debug_loc
 *(.debug_loc)

.debug_macinfo
 *(.debug_macinfo)

.debug_weaknames
 *(.debug_weaknames)

.debug_funcnames
 *(.debug_funcnames)

.debug_typenames
 *(.debug_typenames)

.debug_varnames
 *(.debug_varnames)

.debug_pubtypes
 *(.debug_pubtypes)

.debug_ranges
 *(.debug_ranges)

.debug_macro
 *(.debug_macro)

.debug_addr
 *(.debug_addr)

.gnu.attributes
 *(.gnu.attributes)

/DISCARD/
 *(.note.GNU-stack)
 *(.gnu_debuglink)
 *(.gnu.lto_*)
OUTPUT(build/kernel.bin elf32-i386)
